// Vitest Snapshot v1, https://vitest.dev/guide/snapshot.html

exports[`itemToPrintData snapshot > A full item 1`] = `
{
  "location": "B‧2",
  "text": "name brand details",
  "value": "reference",
}
`;

exports[`itemToPrintData snapshot > B minimal item 1`] = `
{
  "location": "",
  "text": "name brand details",
  "value": "barcode",
}
`;
